// Jest Snapshot v1, https://goo.gl/fbAQLP

exports[`Main component should render the main component (loading) 1`] = `"Loading..."`;

exports[`Main component should render the main component 1`] = `
<div>
  <WithStyles(AppBar)
    color="default"
    position="static"
  >
    <WithStyles(Tabs)
      indicatorColor="primary"
      onChange={[Function]}
      scrollButtons="on"
      scrollable={true}
      textColor="primary"
      value={0}
    >
      <WithStyles(Tab)
        icon={<pure(ThumbUpIcon) />}
        label="Foo"
      />
      <WithStyles(Tab)
        icon={<pure(ThumbUpIcon) />}
        label="Bar"
      />
    </WithStyles(Tabs)>
  </WithStyles(AppBar)>
  <TabContainer>
    <Link
      onlyActiveOnIndex={false}
      style={Object {}}
      to="/page"
    >
      <div
        dangerouslySetInnerHTML={
          Object {
            "__html": "Foo body",
          }
        }
      />
    </Link>
  </TabContainer>
</div>
`;
